// Jest Snapshot v1, https://goo.gl/fbAQLP

exports[`FilterDropdown --- Snapshot Capturing Snapshot of FilterDropdown 1`] = `
<div
  style={
    Object {
      "height": "3rem",
      "width": "15rem",
    }
  }
>
  <div
    className="bx--dropdown__wrapper bx--list-box__wrapper"
  >
    <label
      className="bx--label"
      htmlFor="filter-dropdown"
    >
      testLabel
    </label>
    <div
      className="bx--dropdown bx--list-box"
      id="filter-dropdown"
      onClick={[Function]}
      onKeyDown={[Function]}
      role="listbox"
      tabIndex="-1"
    >
      <div
        aria-controls={null}
        aria-disabled={false}
        aria-expanded={false}
        aria-haspopup={true}
        aria-label="Open menu"
        aria-owns={null}
        className="bx--list-box__field"
        data-toggle={true}
        onBlur={[Function]}
        onClick={[Function]}
        onKeyDown={[Function]}
        role="button"
        tabIndex="0"
        type="button"
      >
        <span
          className="bx--list-box__label"
          htmlFor="downshift-0-input"
        >
          testLabel
        </span>
        <div
          className="bx--list-box__menu-icon"
        >
          <svg
            aria-label="Open menu"
            focusable="false"
            height={16}
            name="chevron--down"
            preserveAspectRatio="xMidYMid meet"
            role="img"
            style={
              Object {
                "willChange": "transform",
              }
            }
            viewBox="0 0 16 16"
            width={16}
            xmlns="http://www.w3.org/2000/svg"
          >
            <path
              d="M8 11L3 6l.7-.7L8 9.6l4.3-4.3.7.7z"
            />
            <title>
              Open menu
            </title>
          </svg>
        </div>
      </div>
    </div>
  </div>
</div>
`;
