// Jest Snapshot v1, https://goo.gl/fbAQLP

exports[`Violations --- Snapshot Capturing Snapshot of Violations 1`] = `null`;
