// Jest Snapshot v1, https://goo.gl/fbAQLP

exports[`Overview --- Snapshot Capturing Snapshot of Overview 1`] = `
<body>
  <div>
    <div
      class="container"
    >
      <div
        class="container"
      >
        <h2
          class="title"
        >
          Team
        </h2>
        <div
          class="bx--bmrg-select"
        >
          <div
            class="bx--list-box__wrapper"
          >
            <div
              class="bx--combo-box bx--list-box"
              role="listbox"
              tabindex="-1"
            >
              <div
                aria-expanded="false"
                aria-haspopup="true"
                aria-label="Open menu"
                class="bx--list-box__field"
                data-toggle="true"
                role="button"
                tabindex="-1"
                type="button"
              >
                <input
                  aria-autocomplete="list"
                  aria-controls="team__menu"
                  aria-expanded="false"
                  aria-label="Choose an item"
                  autocomplete="off"
                  class="bx--text-input"
                  id="team"
                  placeholder="Select a team"
                  role="combobox"
                  title="Team"
                  value="Boomerang Demo"
                />
                <div
                  class="bx--list-box__selection"
                  role="button"
                  tabindex="0"
                  title="Clear selected item"
                >
                  <svg
                    aria-hidden="true"
                    focusable="false"
                    height="16"
                    preserveAspectRatio="xMidYMid meet"
                    role="img"
                    style="will-change: transform;"
                    viewBox="0 0 16 16"
                    width="16"
                    xmlns="http://www.w3.org/2000/svg"
                  >
                    <path
                      d="M12 4.7l-.7-.7L8 7.3 4.7 4l-.7.7L7.3 8 4 11.3l.7.7L8 8.7l3.3 3.3.7-.7L8.7 8z"
                    />
                  </svg>
                </div>
                <div
                  class="bx--list-box__menu-icon"
                >
                  <svg
                    aria-label="Open menu"
                    focusable="false"
                    height="16"
                    name="chevron--down"
                    preserveAspectRatio="xMidYMid meet"
                    role="img"
                    style="will-change: transform;"
                    viewBox="0 0 16 16"
                    width="16"
                    xmlns="http://www.w3.org/2000/svg"
                  >
                    <path
                      d="M8 11L3 6l.7-.7L8 9.6l4.3-4.3.7.7z"
                    />
                    <title>
                      Open menu
                    </title>
                  </svg>
                </div>
              </div>
            </div>
          </div>
        </div>
      </div>
      <section
        class="container"
      >
        <h2
          class="title"
        >
          Insights
        </h2>
        <div
          class="contentContainer"
        >
          <div
            class="tilesContainer"
          >
            <div
              class="bx--tile"
              data-testid="tile-info"
              style="display: flex; width: 100%; height: 10rem; align-items: center; padding: 0px;"
            >
              <div
                class="counter"
                style="color: rgb(4, 124, 192);"
              >
                0
              </div>
              <div
                class="divider"
              />
              <div
                class="text"
              >
                <h3
                  class="title"
                >
                  Current Gates
                </h3>
                <p
                  class="content"
                >
                  Software never is perfect and it wonâ€™t be. But is that a license to create garbage?
                </p>
              </div>
            </div>
            <div
              class="bx--tile"
              data-testid="tile-info"
              style="display: flex; width: 100%; height: 10rem; align-items: center; padding: 0px;"
            >
              <div
                class="counter"
                style="color: rgb(255, 170, 157);"
              >
                0
              </div>
              <div
                class="divider"
              />
              <div
                class="text"
              >
                <h3
                  class="title"
                >
                  Current Violations
                </h3>
                <p
                  class="content"
                >
                  Code will set you free. Think of this as an opportunity for better code. Drive towards zero.
                </p>
              </div>
            </div>
          </div>
          <div
            class="graphsContainer"
          >
            <div
              class="bx--tile"
              style="width: 100%; display: flex; flex-direction: column; align-items: spaceBetween; min-height: 10rem;"
            >
              <div
                class="header"
              >
                <h3
                  class="title"
                >
                  Violations Trend
                </h3>
                <div
                  class="filters"
                />
              </div>
              <div
                class="container"
                data-testid="insights-graph"
              >
                <p>
                  No violations data to de displayed.
                </p>
              </div>
            </div>
          </div>
        </div>
      </section>
      <div
        class="container"
        data-testid="policies-container"
        id="policies-container"
      >
        <div>
          <h2
            class="title"
          >
            Policies (0)
          </h2>
          <p
            class="message"
          >
            All of your teams policies can be found here. Go forth and define rules to enforce your standards!
          </p>
          <div
            class="button"
          >
            <button
              class="bx--btn bx--btn--field bx--btn--primary"
              data-testid="add-policy-button"
              tabindex="0"
              type="button"
            >
              Add Policy
              <svg
                aria-hidden="true"
                aria-label="Add Policy"
                class="bx--btn__icon"
                focusable="false"
                height="16"
                preserveAspectRatio="xMidYMid meet"
                role="img"
                style="will-change: transform;"
                viewBox="0 0 16 16"
                width="16"
                xmlns="http://www.w3.org/2000/svg"
              >
                <path
                  d="M9 7V3H7v4H3v2h4v4h2V9h4V7z"
                />
              </svg>
            </button>
          </div>
        </div>
        <div
          class="container"
        >
          <div
            class="bmrg--b-no-display --bmrg-white"
            style="width: 20rem;"
          >
            <p
              class="bmrg--b-no-display__text --above"
            />
            <img
              alt="no-display"
              class="bmrg--b-no-display__img"
              src="ship_sharks.svg"
            />
          </div>
          <p
            class="message"
          >
            No policies to be found. Add some!
          </p>
        </div>
      </div>
    </div>
  </div>
</body>
`;
