// Jest Snapshot v1, https://goo.gl/fbAQLP

exports[`EditPolicy --- Snapshot +++ renders correctly 1`] = `
<body
  id="app"
>
  <div>
    <div
      class="container"
    >
      <div
        class="container"
      >
        <div
          class="content"
        >
          <div
            class="info"
          >
            <h1
              class="title"
            >
              Edit Policy
            </h1>
            <div
              class="metadataContainer"
            >
              <p
                class="metadata"
              >
                <span
                  class="metaDataLabel"
                >
                  Created: 
                </span>
                 
                <time>
                  January 1st, 2019
                </time>
              </p>
              <button
                class="validationInfoButton"
              >
                How do I use this?
              </button>
            </div>
          </div>
          <section
            class="buttons"
          >
            <button
              class="button bx--btn bx--btn--field bx--btn--secondary"
              tabindex="0"
              type="button"
            >
              Cancel
            </button>
            <button
              class="button bx--btn bx--btn--field bx--btn--danger"
              tabindex="0"
              type="button"
            >
              Delete
              <svg
                aria-hidden="true"
                aria-label="Delete"
                class="bx--btn__icon"
                focusable="false"
                height="16"
                preserveAspectRatio="xMidYMid meet"
                role="img"
                style="will-change: transform;"
                viewBox="0 0 16 16"
                width="16"
                xmlns="http://www.w3.org/2000/svg"
              >
                <path
                  d="M6 6h1v6H6zm3 0h1v6H9z"
                />
                <path
                  d="M2 3v1h1v10c0 .6.4 1 1 1h8c.6 0 1-.4 1-1V4h1V3H2zm2 11V4h8v10H4zM6 1h4v1H6z"
                />
              </svg>
            </button>
            <button
              class="button bx--btn bx--btn--field bx--btn--primary"
              data-testid="policy-header-affirmative-action"
              tabindex="0"
              type="submit"
            >
              Save
              <svg
                aria-hidden="true"
                aria-label="Edit"
                class="bx--btn__icon"
                focusable="false"
                height="16"
                preserveAspectRatio="xMidYMid meet"
                role="img"
                style="will-change: transform;"
                viewBox="0 0 16 16"
                width="16"
                xmlns="http://www.w3.org/2000/svg"
              >
                <path
                  d="M13.9 4.6l-2.5-2.5c-.1 0-.3-.1-.4-.1H3c-.6 0-1 .4-1 1v10c0 .6.4 1 1 1h10c.6 0 1-.4 1-1V5c0-.1-.1-.3-.1-.4zM6 3h4v2H6V3zm4 10H6V9h4v4zm1 0V9c0-.6-.4-1-1-1H6c-.6 0-1 .4-1 1v4H3V3h2v2c0 .6.4 1 1 1h4c.6 0 1-.4 1-1V3.2l2 2V13h-2z"
                />
              </svg>
            </button>
          </section>
        </div>
        <div
          class="bx--modal"
          role="presentation"
          tabindex="-1"
        >
          <div
            class="bx--modal-container"
          >
            <div
              class="bx--modal-header"
            >
              <p
                class="bx--modal-header__label bx--type-delta"
              >
                How to use this policy
              </p>
              <p
                class="bx--modal-header__heading bx--type-beta"
              >
                Validation Guide
              </p>
              <button
                class="bx--modal-close"
                title="Close the modal"
                type="button"
              >
                <svg
                  aria-label="Close the modal"
                  class="bx--modal-close__icon"
                  focusable="false"
                  height="20"
                  preserveAspectRatio="xMidYMid meet"
                  role="img"
                  style="will-change: transform;"
                  viewBox="0 0 32 32"
                  width="20"
                  xmlns="http://www.w3.org/2000/svg"
                >
                  <path
                    d="M24 9.4L22.6 8 16 14.6 9.4 8 8 9.4l6.6 6.6L8 22.6 9.4 24l6.6-6.6 6.6 6.6 1.4-1.4-6.6-6.6L24 9.4z"
                  />
                </svg>
              </button>
            </div>
            <div
              class="bx--modal-content"
            >
              <h2
                class="modalSectionTitle"
              >
                Validation Endpoint
              </h2>
              <p>
                undefined/bosun/validate
              </p>
              <h2
                class="modalSectionTitle"
              >
                Sample Payload
              </h2>
              <div
                class="bx--snippet bx--snippet--multi"
              >
                <div
                  aria-label="code-snippet"
                  class="bx--snippet-container"
                  role="textbox"
                  tabindex="0"
                >
                  <code>
                    <pre>
                      {
 "policyId": "5db9a8c7b01c530001b838d1",
 "referenceId": null,
 "referenceLink": null,
 "labels": {
  "artifact-path": "",
  "artifact-name": "",
  "artifact-version": "",
  "sonarqube-id": "",
  "sonarqube-version": ""
 },
 "annotations": null,
 "data": null
}
                    </pre>
                  </code>
                </div>
                <button
                  aria-label="Copy annotations to clipboard"
                  class="bx--snippet-button"
                  title="Copy annotations to clipboard"
                  type="button"
                >
                  <svg
                    aria-hidden="true"
                    class="bx--snippet__icon"
                    focusable="false"
                    height="16"
                    preserveAspectRatio="xMidYMid meet"
                    style="will-change: transform;"
                    viewBox="0 0 16 16"
                    width="16"
                    xmlns="http://www.w3.org/2000/svg"
                  >
                    <path
                      d="M14 5v9H5V5h9m0-1H5a1 1 0 0 0-1 1v9a1 1 0 0 0 1 1h9a1 1 0 0 0 1-1V5a1 1 0 0 0-1-1z"
                    />
                    <path
                      d="M2 9H1V2a1 1 0 0 1 1-1h7v1H2z"
                    />
                  </svg>
                  <div
                    class="bx--btn--copy__feedback"
                    data-feedback="Copied!"
                  />
                </button>
              </div>
              <h2
                class="modalSectionTitle"
              >
                Next Steps (things to adjust)
              </h2>
              <ol
                class="bx--list--ordered"
              >
                <li
                  class="bx--list__item"
                >
                  Update 
                  <code>
                    ReferenceId
                  </code>
                   to a unique identifier to ensure you can track specific xyz
                </li>
                <li
                  class="bx--list__item"
                >
                  Update 
                  <code>
                    ReferenceLink
                  </code>
                   a link back to xyz
                </li>
                <li
                  class="bx--list__item"
                >
                  Supply
                   
                  <a
                    href="https://github.com/boomerang-io/boomerang.docs/blob/stable/content/bosun.md#labels-required"
                  >
                    labels
                  </a>
                   
                  that can be used by the integrations to integrate and retrieve backend information
                </li>
                <li
                  class="bx--list__item"
                >
                  Call the validation endpoint with the updated data
                </li>
              </ol>
            </div>
            <div
              class="bx--modal-footer"
              inputref="[object Object]"
            >
              <button
                class="bx--btn bx--btn--primary"
                tabindex="0"
                type="button"
              >
                Close
              </button>
            </div>
          </div>
        </div>
      </div>
      <div
        class="container"
      >
        <div
          class="content"
        >
          <div
            class="bx--bmrg-text-input"
          >
            <div
              class="bx--form-item bx--text-input-wrapper"
            >
              <label
                class="bx--label"
                for="name"
              >
                <div
                  class="bx--bmrg-text-input__label"
                >
                  <div>
                    Name
                  </div>
                </div>
              </label>
              <div
                class="bx--text-input__field-wrapper"
              >
                <input
                  class="bx--text-input bx--text__input"
                  id="name"
                  name="name"
                  placeholder="Name"
                  type="text"
                  value="Tyson's Policy"
                />
              </div>
            </div>
          </div>
          <section
            class="section"
          >
            <h2>
              Package Safe List
            </h2>
            <p>
              The following package and artifact validation is validated against scans by JFrog Xray. Artifact and Version are validated through regular expression.
            </p>
            <div>
              <div
                class="row"
              >
                <div
                  class="bx--bmrg-text-input"
                >
                  <div
                    class="bx--form-item bx--text-input-wrapper"
                  >
                    <label
                      class="bx--label"
                      for="artifact"
                    >
                      <div
                        class="bx--bmrg-text-input__label"
                      >
                        <div>
                          Package
                        </div>
                      </div>
                    </label>
                    <div
                      class="bx--text-input__field-wrapper"
                    >
                      <input
                        autocomplete="off"
                        class="bx--text-input bx--text__input"
                        id="artifact"
                        name="artifact"
                        placeholder="Package"
                        type="text"
                        value=""
                      />
                    </div>
                  </div>
                </div>
                <button
                  class="delete"
                >
                  <svg
                    aria-hidden="true"
                    focusable="false"
                    height="16"
                    preserveAspectRatio="xMidYMid meet"
                    style="will-change: transform;"
                    viewBox="0 0 16 16"
                    width="16"
                    xmlns="http://www.w3.org/2000/svg"
                  >
                    <path
                      d="M6 6h1v6H6zm3 0h1v6H9z"
                    />
                    <path
                      d="M2 3v1h1v10c0 .6.4 1 1 1h8c.6 0 1-.4 1-1V4h1V3H2zm2 11V4h8v10H4zM6 1h4v1H6z"
                    />
                  </svg>
                </button>
              </div>
              <div
                class="row"
              >
                <div
                  class="bx--bmrg-text-input"
                >
                  <div
                    class="bx--form-item bx--text-input-wrapper"
                  >
                    <label
                      class="bx--label"
                      for="artifact"
                    >
                      <div
                        class="bx--bmrg-text-input__label"
                      >
                        <div>
                          Package
                        </div>
                      </div>
                    </label>
                    <div
                      class="bx--text-input__field-wrapper"
                    >
                      <input
                        autocomplete="off"
                        class="bx--text-input bx--text__input"
                        id="artifact"
                        name="artifact"
                        placeholder="Package"
                        type="text"
                        value=""
                      />
                    </div>
                  </div>
                </div>
                <button
                  class="delete"
                >
                  <svg
                    aria-hidden="true"
                    focusable="false"
                    height="16"
                    preserveAspectRatio="xMidYMid meet"
                    style="will-change: transform;"
                    viewBox="0 0 16 16"
                    width="16"
                    xmlns="http://www.w3.org/2000/svg"
                  >
                    <path
                      d="M6 6h1v6H6zm3 0h1v6H9z"
                    />
                    <path
                      d="M2 3v1h1v10c0 .6.4 1 1 1h8c.6 0 1-.4 1-1V4h1V3H2zm2 11V4h8v10H4zM6 1h4v1H6z"
                    />
                  </svg>
                </button>
              </div>
            </div>
            <button
              class="bx--btn bx--btn--field bx--btn--primary"
              tabindex="0"
              type="button"
            >
              Add Rule
              <svg
                aria-hidden="true"
                aria-label="Add Rule"
                class="bx--btn__icon"
                focusable="false"
                height="16"
                preserveAspectRatio="xMidYMid meet"
                role="img"
                style="will-change: transform;"
                viewBox="0 0 16 16"
                width="16"
                xmlns="http://www.w3.org/2000/svg"
              >
                <path
                  d="M9 7V3H7v4H3v2h4v4h2V9h4V7z"
                />
              </svg>
            </button>
          </section>
        </div>
        <div
          class="containerGraphics"
        >
          <svg
            class="graphic"
            data-name="Layer 1"
            id="prefix__Layer_1"
            viewBox="0 0 202.29 228.51"
          >
            <defs>
              <style>
                .prefix__cls-2{fill:#20d5d2}.prefix__cls-3{fill:none;stroke:#323c3c;stroke-linecap:round;stroke-miterlimit:10;stroke-width:5px}
              </style>
            </defs>
            <title>
              Artboard 54
            </title>
            <path
              d="M179.68 167.15a5.32 5.32 0 014 8.8l-24.07 27.79a5.34 5.34 0 01-4 1.83H22.31a5.32 5.32 0 01-3.41-9.41l33.1-27.5a5.28 5.28 0 013.4-1.23l65.52-.15c1.32 5.69 7.52 16.94 7.52 16.94s7-11.47 8.4-17z"
              fill="#f2f4f8"
            />
            <path
              class="prefix__cls-2"
              d="M98.2 44.67a27.15 27.15 0 114.12 24.71 27.15 27.15 0 01-4.12-24.71zm39.16 12.74a14 14 0 10-17.69 9 14.05 14.05 0 0017.69-9zM130.88 110.1l-.46 13.28-52.97-17.24 7.46-11 45.97 14.96zM129.25 157.41a8.21 8.21 0 017.8 8.37 7.5 7.5 0 01-.23 1.46H120.9a7.9 7.9 0 01-.24-1.88 8.17 8.17 0 018.38-8zM128.42 184.22s-6.2-11.25-7.52-16.94h15.92c-1.37 5.47-8.4 16.94-8.4 16.94zM46.91 135.77a8.21 8.21 0 0111.4-2.07l.33.25a8.19 8.19 0 011.74 11.17C57.8 148.83 43 155.75 43 155.75s1.32-16.26 3.91-19.98z"
            />
            <path
              class="prefix__cls-3"
              d="M120.9 167.28l-65.52.15a5.28 5.28 0 00-3.4 1.23l-33.08 27.5a5.32 5.32 0 003.41 9.41h133.31a5.34 5.34 0 004-1.83L183.71 176a5.32 5.32 0 00-4-8.8l-42.86.09M132.41 27.25A27.15 27.15 0 1198.2 44.67a27.15 27.15 0 0134.21-17.42zM137.03 13.07l-4.62 14.18"
            />
            <path
              class="prefix__cls-3"
              d="M102.32 69.38L84.91 95.14l-7.46 11-18.81 27.81M131.95 79.02l-1.07 31.08-.46 13.28-1.17 34.03M84.91 95.13l45.96 14.97M77.45 106.14l52.97 17.24M137.36 57.41a14 14 0 11-9-17.69 14.05 14.05 0 019 17.69zM46.91 135.77a8.21 8.21 0 0111.4-2.07l.33.25a8.19 8.19 0 011.74 11.17C57.8 148.83 43 155.75 43 155.75s1.32-16.26 3.91-19.98z"
            />
            <path
              class="prefix__cls-3"
              d="M129.25 157.41H129a8.17 8.17 0 00-8.38 8 7.9 7.9 0 00.24 1.88c1.32 5.69 7.52 16.94 7.52 16.94s7-11.47 8.4-17a7.5 7.5 0 00.23-1.46 8.21 8.21 0 00-7.76-8.36z"
            />
          </svg>
        </div>
      </div>
    </div>
  </div>
</body>
`;
