// Jest Snapshot v1, https://goo.gl/fbAQLP

exports[`Insights --- Snapshot Capturing Snapshot of Insights 1`] = `
<section
  className="container"
>
  <h2
    className="title"
  >
    Insights
  </h2>
  <div
    className="contentContainer"
  >
    <div
      className="tilesContainer"
    >
      <div
        className="bx--tile"
        data-testid="tile-info"
        style={
          Object {
            "alignItems": "center",
            "display": "flex",
            "height": "10rem",
            "padding": "0",
            "width": "100%",
          }
        }
      >
        <div
          className="counter"
          style={
            Object {
              "color": "#047cc0",
            }
          }
        >
          1
        </div>
        <div
          className="divider"
        />
        <div
          className="text"
        >
          <h3
            className="title"
          >
            Current Gates
          </h3>
          <p
            className="content"
          >
            Software never is perfect and it wonâ€™t be. But is that a license to create garbage?
          </p>
        </div>
      </div>
      <div
        className="bx--tile"
        data-testid="tile-info"
        style={
          Object {
            "alignItems": "center",
            "display": "flex",
            "height": "10rem",
            "padding": "0",
            "width": "100%",
          }
        }
      >
        <div
          className="counter"
          style={
            Object {
              "color": "#ffaa9d",
            }
          }
        >
          3
        </div>
        <div
          className="divider"
        />
        <div
          className="text"
        >
          <h3
            className="title"
          >
            Current Violations
          </h3>
          <p
            className="content"
          >
            Code will set you free. Think of this as an opportunity for better code. Drive towards zero.
          </p>
        </div>
      </div>
    </div>
    <div
      className="graphsContainer"
    >
      <div
        className="bx--tile"
        style={
          Object {
            "alignItems": "spaceBetween",
            "display": "flex",
            "flexDirection": "column",
            "minHeight": "10rem",
            "width": "100%",
          }
        }
      >
        <div
          className="header"
        >
          <h3
            className="title"
          >
            Violations Trend
          </h3>
          <div
            className="filters"
          />
        </div>
        <div
          className="container"
          data-testid="insights-graph"
        >
          <div
            style={
              Object {
                "alignItems": "center",
                "display": "flex",
                "width": "100%",
              }
            }
          >
            <div
              className="recharts-responsive-container"
              style={
                Object {
                  "height": "auto",
                  "maxHeight": undefined,
                  "minHeight": 100,
                  "minWidth": 0,
                  "width": "100%",
                }
              }
            >
              <div
                style={
                  Object {
                    "display": "none",
                    "height": 0,
                    "position": "absolute",
                    "visibility": "hidden",
                    "width": 0,
                  }
                }
              />
            </div>
          </div>
        </div>
      </div>
    </div>
  </div>
</section>
`;
