// Jest Snapshot v1, https://goo.gl/fbAQLP

exports[`CustomLegend --- Snapshot Capturing Snapshot of CustomLegend 1`] = `
<div
  className="c-legend"
>
  <div
    className="c-legend-icon"
    onClick={[Function]}
    onKeyDown={[Function]}
    role="button"
    style={
      Object {
        "left": "2rem",
        "marginTop": "-1.75rem",
        "padding": "0.25rem",
        "position": "relative",
        "top": "",
      }
    }
    tabIndex="0"
  >
    <svg
      className="b-legend-icon"
      height="100%"
      version="1.1"
      viewBox="10 0 13 28"
      width="100%"
      xmlns="http://www.w3.org/2000/svg"
    >
      <path
        class="recharts-legend-icon"
        d="M0,16h10.666666666666666 A5.333333333333333,5.333333333333333,0,1,1,21.333333333333332,16 H32M21.333333333333332,16 A5.333333333333333,5.333333333333333,0,1,1,10.666666666666666,16"
        fill="none"
        stroke-width="4"
      />
    </svg>
    <span
      className="b-legend-label"
    />
  </div>
</div>
`;
